// Jest Snapshot v1, https://goo.gl/fbAQLP

exports[`should render ExpenseList with expenses 1`] = `
<div>
  <Connect(ExpenseListItem)
    amount={195}
    createdAt={0}
    description="coffee"
    id="1"
    key="1"
    note=""
  />
  <Connect(ExpenseListItem)
    amount={350000}
    createdAt={-345600000}
    description="credit card"
    id="2"
    key="2"
    note=""
  />
  <Connect(ExpenseListItem)
    amount={50000}
    createdAt={345600000}
    description="rent"
    id="3"
    key="3"
    note=""
  />
</div>
`;

exports[`should render ExpenseList with expenses 2`] = `
<div>
  <p>
    No expenses
  </p>
</div>
`;
