// Jest Snapshot v1, https://goo.gl/fbAQLP

exports[`should render ExpenseItemList with individual expense 1`] = `
<div>
  <Link
    to="/edit/1"
  >
    <h3>
      coffee
    </h3>
  </Link>
  <p>
    Amount: 
    195
     - Created at: 
    0
  </p>
</div>
`;
